This file contains any messages produced by compilers while
running configure, to aid debugging if configure makes a mistake.

It was created by romenagri configure 1.1.0, which was
generated by GNU Autoconf 2.72.  Invocation command line was

  $ ./configure --with-substrate=both

## --------- ##
## Platform. ##
## --------- ##

hostname = ilm01-lin
uname -m = x86_64
uname -r = 7.0.0-14-generic
uname -s = Linux
uname -v = #14-Ubuntu SMP PREEMPT_DYNAMIC Mon Apr 13 11:09:53 UTC 2026

/usr/bin/uname -p = unknown
/bin/uname -X     = unknown

/bin/arch              = x86_64
/usr/bin/arch -k       = unknown
/usr/convex/getsysinfo = unknown
/usr/bin/hostinfo      = unknown
/bin/machine           = unknown
/usr/bin/oslevel       = unknown
/bin/universe          = unknown

PATH: /usr/local/sbin/
PATH: /usr/local/bin/
PATH: /usr/sbin/
PATH: /usr/bin/
PATH: /sbin/
PATH: /bin/
PATH: /usr/games/
PATH: /usr/local/games/
PATH: /snap/bin/
PATH: /snap/bin/


## ----------- ##
## Core tests. ##
## ----------- ##

configure:2124: looking for aux files: compile missing install-sh
configure:2137:  trying ./
configure:2166:   ./compile found
configure:2166:   ./missing found
configure:2148:   ./install-sh found
configure:2297: checking for a BSD-compatible install
configure:2371: result: /usr/bin/install -c
configure:2382: checking whether sleep supports fractional seconds
configure:2398: result: yes
configure:2401: checking filesystem timestamp resolution
configure:2536: result: 0.01
configure:2541: checking whether build environment is sane
configure:2586: result: yes
configure:2757: checking for a race-free mkdir -p
configure:2800: result: /usr/bin/mkdir -p
configure:2807: checking for gawk
configure:2828: found /usr/bin/gawk
configure:2840: result: gawk
configure:2851: checking whether make sets $(MAKE)
configure:2875: result: yes
configure:2901: checking whether make supports nested variables
configure:2920: result: yes
configure:2934: checking xargs -n works
configure:2950: result: yes
configure:3035: checking whether UID '1000' is supported by ustar format
configure:3041: result: yes
configure:3048: checking whether GID '1000' is supported by ustar format
configure:3054: result: yes
configure:3062: checking how to create a ustar tar archive
configure:3073: tar --version
tar (GNU tar) 1.35
Copyright (C) 2023 Free Software Foundation, Inc.
License GPLv3+: GNU GPL version 3 or later <https://gnu.org/licenses/gpl.html>.
This is free software: you are free to change and redistribute it.
There is NO WARRANTY, to the extent permitted by law.

Written by John Gilmore and Jay Fenlason.
configure:3076: $? = 0
configure:3116: tardir=conftest.dir && eval tar --format=ustar -chf - "$tardir" >conftest.tar
configure:3119: $? = 0
configure:3123: tar -xf - <conftest.tar
configure:3126: $? = 0
configure:3128: cat conftest.dir/file
GrepMe
configure:3131: $? = 0
configure:3146: result: gnutar
configure:3235: checking for gcc
configure:3256: found /usr/bin/gcc
configure:3268: result: gcc
configure:3627: checking for C compiler version
configure:3636: gcc --version >&5
gcc (Ubuntu 15.2.0-16ubuntu1) 15.2.0
Copyright (C) 2025 Free Software Foundation, Inc.
This is free software; see the source for copying conditions.  There is NO
warranty; not even for MERCHANTABILITY or FITNESS FOR A PARTICULAR PURPOSE.

configure:3647: $? = 0
configure:3636: gcc -v >&5
Using built-in specs.
COLLECT_GCC=gcc
COLLECT_LTO_WRAPPER=/usr/libexec/gcc/x86_64-linux-gnu/15/lto-wrapper
OFFLOAD_TARGET_NAMES=nvptx-none:amdgcn-amdhsa
OFFLOAD_TARGET_DEFAULT=1
Target: x86_64-linux-gnu
Configured with: ../src/configure -v --with-pkgversion='Ubuntu 15.2.0-16ubuntu1' --with-bugurl=file:///usr/share/doc/gcc-15/README.Bugs --enable-languages=c,ada,c++,go,d,fortran,objc,obj-c++,m2,rust,cobol,algol68 --prefix=/usr --with-gcc-major-version-only --program-suffix=-15 --program-prefix=x86_64-linux-gnu- --enable-shared --enable-linker-build-id --libexecdir=/usr/libexec --without-included-gettext --enable-threads=posix --libdir=/usr/lib --enable-nls --enable-bootstrap --enable-clocale=gnu --enable-libstdcxx-debug --enable-libstdcxx-time=yes --with-default-libstdcxx-abi=new --enable-libstdcxx-backtrace --enable-gnu-unique-object --disable-vtable-verify --enable-plugin --enable-default-pie --with-system-zlib --enable-libphobos-checking=release --with-target-system-zlib=auto --enable-objc-gc=auto --enable-multiarch --disable-werror --enable-cet --with-arch-32=i686 --with-abi=m64 --with-multilib-list=m32,m64,mx32 --enable-multilib --with-tune=generic --enable-offload-targets=nvptx-none=/build/gcc-15-j35TAX/gcc-15-15.2.0/debian/tmp-nvptx/usr,amdgcn-amdhsa=/build/gcc-15-j35TAX/gcc-15-15.2.0/debian/tmp-gcn/usr --enable-offload-defaulted --without-cuda-driver --enable-checking=release --build=x86_64-linux-gnu --host=x86_64-linux-gnu --target=x86_64-linux-gnu --with-build-config=bootstrap-lto-lean --enable-link-serialization=2
Thread model: posix
Supported LTO compression algorithms: zlib zstd
gcc version 15.2.0 (Ubuntu 15.2.0-16ubuntu1) 
... rest of stderr output deleted ...
configure:3647: $? = 0
configure:3636: gcc -V >&5
gcc: error: unrecognized command-line option '-V'
gcc: fatal error: no input files
compilation terminated.
configure:3647: $? = 1
configure:3636: gcc -qversion >&5
gcc: error: unrecognized command-line option '-qversion'; did you mean '--version'?
gcc: fatal error: no input files
compilation terminated.
configure:3647: $? = 1
configure:3636: gcc -version >&5
gcc: error: unrecognized command-line option '-version'
gcc: fatal error: no input files
compilation terminated.
configure:3647: $? = 1
configure:3667: checking whether the C compiler works
configure:3689: gcc    conftest.c  >&5
configure:3693: $? = 0
configure:3744: result: yes
configure:3748: checking for C compiler default output file name
configure:3750: result: a.out
configure:3756: checking for suffix of executables
configure:3763: gcc -o conftest    conftest.c  >&5
configure:3767: $? = 0
configure:3791: result: 
configure:3815: checking whether we are cross compiling
configure:3823: gcc -o conftest    conftest.c  >&5
configure:3827: $? = 0
configure:3834: ./conftest
configure:3838: $? = 0
configure:3853: result: no
configure:3859: checking for suffix of object files
configure:3882: gcc -c   conftest.c >&5
configure:3886: $? = 0
configure:3910: result: o
configure:3914: checking whether the compiler supports GNU C
configure:3934: gcc -c   conftest.c >&5
configure:3934: $? = 0
configure:3946: result: yes
configure:3957: checking whether gcc accepts -g
configure:3978: gcc -c -g  conftest.c >&5
configure:3978: $? = 0
configure:4025: result: yes
configure:4045: checking for gcc option to enable C11 features
configure:4060: gcc  -c -g -O2  conftest.c >&5
configure:4060: $? = 0
configure:4079: result: none needed
configure:4203: checking whether gcc understands -c and -o together
configure:4226: gcc -c conftest.c -o conftest2.o
configure:4229: $? = 0
configure:4226: gcc -c conftest.c -o conftest2.o
configure:4229: $? = 0
configure:4245: result: yes
configure:4265: checking whether make supports the include directive
configure:4280: make -f confmf.GNU && cat confinc.out
this is the am__doit target
configure:4283: $? = 0
configure:4302: result: yes (GNU style)
configure:4328: checking dependency style of gcc
configure:4441: result: gcc3
configure:4505: checking for ranlib
configure:4526: found /usr/bin/ranlib
configure:4538: result: ranlib
configure:4596: Romenagri substrate binding(s): both
configure:4598: canonical layer = 84-token Romenagri grammar; substrate = compile-time plug
configure:4745: checking that generated files are newer than configure
configure:4751: result: done
configure:4794: creating ./config.status

## ---------------------- ##
## Running config.status. ##
## ---------------------- ##

This file was extended by romenagri config.status 1.1.0, which was
generated by GNU Autoconf 2.72.  Invocation command line was

  CONFIG_FILES    = 
  CONFIG_HEADERS  = 
  CONFIG_LINKS    = 
  CONFIG_COMMANDS = 
  $ ./config.status 

on ilm01-lin

config.status:779: creating Makefile
config.status:951: executing depfiles commands
config.status:1026: cd .       && sed -e '/# am--include-marker/d' Makefile         | make -f - am--depfiles
config.status:1033: $? = 0

## ---------------- ##
## Cache variables. ##
## ---------------- ##

ac_cv_c_compiler_gnu=yes
ac_cv_env_CC_set=
ac_cv_env_CC_value=
ac_cv_env_CFLAGS_set=
ac_cv_env_CFLAGS_value=
ac_cv_env_CPPFLAGS_set=
ac_cv_env_CPPFLAGS_value=
ac_cv_env_LDFLAGS_set=
ac_cv_env_LDFLAGS_value=
ac_cv_env_LIBS_set=
ac_cv_env_LIBS_value=
ac_cv_env_build_alias_set=
ac_cv_env_build_alias_value=
ac_cv_env_host_alias_set=
ac_cv_env_host_alias_value=
ac_cv_env_target_alias_set=
ac_cv_env_target_alias_value=
ac_cv_objext=o
ac_cv_path_install='/usr/bin/install -c'
ac_cv_path_mkdir=/usr/bin/mkdir
ac_cv_prog_AWK=gawk
ac_cv_prog_ac_ct_CC=gcc
ac_cv_prog_ac_ct_RANLIB=ranlib
ac_cv_prog_cc_c11=
ac_cv_prog_cc_g=yes
ac_cv_prog_cc_stdc=
ac_cv_prog_make_make_set=yes
am_cv_CC_dependencies_compiler_type=gcc3
am_cv_filesystem_timestamp_resolution=0.01
am_cv_make_support_nested_variables=yes
am_cv_prog_cc_c_o=yes
am_cv_prog_tar_ustar=gnutar
am_cv_sleep_fractional_seconds=yes
am_cv_xargs_n_works=yes

## ----------------- ##
## Output variables. ##
## ----------------- ##

ACLOCAL='${SHELL} '\''/home/abhishek-choudhary/work/11jun/repos/romenagri/bindings/c/missing'\'' aclocal-1.18'
AMDEPBACKSLASH='\'
AMDEP_FALSE='#'
AMDEP_TRUE=''
AMTAR='$${TAR-tar}'
AM_BACKSLASH='\'
AM_DEFAULT_V='$(AM_DEFAULT_VERBOSITY)'
AM_DEFAULT_VERBOSITY='1'
AM_V='$(V)'
AUTOCONF='${SHELL} '\''/home/abhishek-choudhary/work/11jun/repos/romenagri/bindings/c/missing'\'' autoconf'
AUTOHEADER='${SHELL} '\''/home/abhishek-choudhary/work/11jun/repos/romenagri/bindings/c/missing'\'' autoheader'
AUTOMAKE='${SHELL} '\''/home/abhishek-choudhary/work/11jun/repos/romenagri/bindings/c/missing'\'' automake-1.18'
AWK='gawk'
BUILD_ISCII_FALSE='#'
BUILD_ISCII_TRUE=''
BUILD_UNICODE_FALSE='#'
BUILD_UNICODE_TRUE=''
CC='gcc'
CCDEPMODE='depmode=gcc3'
CFLAGS='-g -O2'
CPPFLAGS=''
CSCOPE='cscope'
CTAGS='ctags'
CYGPATH_W='echo'
DEFS='-DPACKAGE_NAME=\"romenagri\" -DPACKAGE_TARNAME=\"romenagri\" -DPACKAGE_VERSION=\"1.1.0\" -DPACKAGE_STRING=\"romenagri\ 1.1.0\" -DPACKAGE_BUGREPORT=\"a.choudhary@ieee.org\" -DPACKAGE_URL=\"\" -DPACKAGE=\"romenagri\" -DVERSION=\"1.1.0\"'
DEPDIR='.deps'
ECHO_C=''
ECHO_N='-n'
ECHO_T=''
ETAGS='etags'
EXEEXT=''
INSTALL_DATA='${INSTALL} -m 644'
INSTALL_PROGRAM='${INSTALL}'
INSTALL_SCRIPT='${INSTALL}'
INSTALL_STRIP_PROGRAM='$(install_sh) -c -s'
LDFLAGS=''
LIBOBJS=''
LIBS=''
LTLIBOBJS=''
MAKEINFO='${SHELL} '\''/home/abhishek-choudhary/work/11jun/repos/romenagri/bindings/c/missing'\'' makeinfo'
MKDIR_P='/usr/bin/mkdir -p'
OBJEXT='o'
PACKAGE='romenagri'
PACKAGE_BUGREPORT='a.choudhary@ieee.org'
PACKAGE_NAME='romenagri'
PACKAGE_STRING='romenagri 1.1.0'
PACKAGE_TARNAME='romenagri'
PACKAGE_URL=''
PACKAGE_VERSION='1.1.0'
PATH_SEPARATOR=':'
RANLIB='ranlib'
SET_MAKE=''
SHELL='/bin/bash'
STRIP=''
VERSION='1.1.0'
ac_ct_CC='gcc'
am__EXEEXT_FALSE=''
am__EXEEXT_TRUE='#'
am__fastdepCC_FALSE='#'
am__fastdepCC_TRUE=''
am__include='include'
am__isrc=''
am__leading_dot='.'
am__nodep='_no'
am__quote=''
am__rm_f_notfound=''
am__tar='tar --format=ustar -chf - "$$tardir"'
am__untar='tar -xf -'
am__xargs_n='xargs -n'
bindir='${exec_prefix}/bin'
build_alias=''
datadir='${datarootdir}'
datarootdir='${prefix}/share'
docdir='${datarootdir}/doc/${PACKAGE_TARNAME}'
dvidir='${docdir}'
exec_prefix='${prefix}'
host_alias=''
htmldir='${docdir}'
includedir='${prefix}/include'
infodir='${datarootdir}/info'
install_sh='${SHELL} /home/abhishek-choudhary/work/11jun/repos/romenagri/bindings/c/install-sh'
libdir='${exec_prefix}/lib'
libexecdir='${exec_prefix}/libexec'
localedir='${datarootdir}/locale'
localstatedir='${prefix}/var'
mandir='${datarootdir}/man'
mkdir_p='$(MKDIR_P)'
oldincludedir='/usr/include'
pdfdir='${docdir}'
prefix='/usr/local'
program_transform_name='s,x,x,'
psdir='${docdir}'
runstatedir='${localstatedir}/run'
sbindir='${exec_prefix}/sbin'
sharedstatedir='${prefix}/com'
sysconfdir='${prefix}/etc'
target_alias=''

## ----------- ##
## confdefs.h. ##
## ----------- ##

/* confdefs.h */
#define PACKAGE_NAME "romenagri"
#define PACKAGE_TARNAME "romenagri"
#define PACKAGE_VERSION "1.1.0"
#define PACKAGE_STRING "romenagri 1.1.0"
#define PACKAGE_BUGREPORT "a.choudhary@ieee.org"
#define PACKAGE_URL ""
#define PACKAGE "romenagri"
#define VERSION "1.1.0"

configure: exit 0
